***********************************
You have loaded a Mambaforge module
***********************************

JUST LOADING THIS MODULE DOES *NOT* CHANGE THE PYTHON VERSION, NOR ENABLES ANY
EXTRA PYTHON MODULES.

This module makes available the 'mamba' and 'conda' commands from the miniforge
Mambaforge distribution,
with which users can create named anaconda-like environments and then activate
them.

To create and use a customized environment use 'mamba create ...' and
then 'mamba activate ...' (see example below).

---------------------------------------------------------------------------------------------------
NOTE: NSC strongly advices against placing 'mamba activate' (or 'conda
activate', with or without
      arguments) in your shell initialization files, (e.g. '.bashrc' or
'.bash_profile') since
      this severly alters the environment for running software in ways that
cause unpredictable
      issues that can be difficult to diagnose.
---------------------------------------------------------------------------------------------------

Example usage:

  * Setting up a customized environment and run a Python program in it:

    mamba create -n myenv python=3.8 scipy=1.5.2
    mamba activate myenv
    python my_scipy_python_program.py

  * To run the python program in the same environment when logging in the next
time:

    mabma activate myenv
    python my_scipy_python_program.py

The miniforge Mambaforge distribution aims to be command-line compatible with
Anaconda.
More details on Anaconda environment management are available here:


https://docs.conda.io/projects/conda/en/latest/user-guide/tasks/manage-environments.html


2026-08-25 17:18:14 | INFO | training_ncp_mse | Bootstrap log file: /nobackup/rossby27/users/sm_yicwa/PROJECTS/01-PROJ_emulator/01-rampal2021-unet/Repo_CNNEmulator_HCLIM_CRM/output/logs/bootstrap/training_bootstrap_20260825-171814.log
2026-08-25 17:18:16.979971: I tensorflow/core/util/port.cc:110] oneDNN custom operations are on. You may see slightly different numerical results due to floating-point round-off errors from different computation orders. To turn them off, set the environment variable `TF_ENABLE_ONEDNN_OPTS=0`.
2026-08-25 17:18:17.546565: I tensorflow/core/platform/cpu_feature_guard.cc:182] This TensorFlow binary is optimized to use available CPU instructions in performance-critical operations.
To enable the following instructions: SSE4.1 SSE4.2 AVX AVX2 AVX512F AVX512_VNNI AVX512_BF16 FMA, in other operations, rebuild TensorFlow with the appropriate compiler flags.
