2026-08-26 12:59:25 | INFO | inference_ncp_mse | Bootstrap log file: /nobackup/rossby27/users/sm_yicwa/PROJECTS/01-PROJ_emulator/01-rampal2021-unet/Repo_CNNEmulator_HCLIM_CRM/output/logs/bootstrap/inference_bootstrap_20260826-125925.log
2026-08-26 13:03:52 | INFO | inference_ncp_mse | Configuration backup saved to /nobackup/rossby27/users/sm_yicwa/PROJECTS/01-PROJ_emulator/01-rampal2021-unet/Repo_CNNEmulator_HCLIM_CRM/output/inference/tas/config_backup.yaml
2026-08-26 13:03:52 | INFO | inference_ncp_mse | Command line: scripts/inference_ncp_mse.py exp1_normal_withT.yaml --model-file /nobackup/rossby27/users/sm_yicwa/PROJECTS/01-PROJ_emulator/01-rampal2021-unet/output/models/20260825-1718_cnn_tas_exp1_heatwave_withT.h5
2026-08-26 13:03:52 | INFO | inference_ncp_mse | Current working directory: /nobackup/rossby27/users/sm_yicwa/PROJECTS/01-PROJ_emulator/01-rampal2021-unet/Repo_CNNEmulator_HCLIM_CRM
2026-08-26 13:03:52 | INFO | inference_ncp_mse | Resolved script directory: /nobackup/rossby27/users/sm_yicwa/PROJECTS/01-PROJ_emulator/01-rampal2021-unet/Repo_CNNEmulator_HCLIM_CRM/scripts
2026-08-26 13:03:52 | INFO | inference_ncp_mse | Resolved project root: /nobackup/rossby27/users/sm_yicwa/PROJECTS/01-PROJ_emulator/01-rampal2021-unet/Repo_CNNEmulator_HCLIM_CRM
2026-08-26 13:03:52 | INFO | inference_ncp_mse | Python executable: /home/sm_yicwa/.conda/envs/high_res_env/bin/python
2026-08-26 13:03:52 | INFO | inference_ncp_mse | Python version: 3.8.19 | packaged by conda-forge | (default, Mar 20 2024, 12:47:35)  [GCC 12.3.0]
2026-08-26 13:03:52 | INFO | inference_ncp_mse | Hostname: n40
2026-08-26 13:03:52 | INFO | inference_ncp_mse | Git commit SHA: 68e52839c9a1a38cead1aa0e391858b802dcce35
2026-08-26 13:03:52 | INFO | inference_ncp_mse | SLURM job ID: 8435990
2026-08-26 13:03:52 | INFO | inference_ncp_mse | SLURM array task ID: not set
2026-08-26 13:03:52 | INFO | inference_ncp_mse | Configuration path: /nobackup/rossby27/users/sm_yicwa/PROJECTS/01-PROJ_emulator/01-rampal2021-unet/Repo_CNNEmulator_HCLIM_CRM/exp1_normal_withT.yaml
2026-08-26 13:03:52 | INFO | inference_ncp_mse | TensorFlow version: 2.12.1
2026-08-26 13:03:52 | INFO | inference_ncp_mse | Visible GPU devices: []
2026-08-26 13:03:52 | INFO | inference_ncp_mse | Inference run name: tas_test
2026-08-26 13:03:52 | INFO | inference_ncp_mse | Target variable: tas
2026-08-26 13:03:52 | INFO | inference_ncp_mse | Inference dates: ['2009-01-01', '2009-12-31']
2026-08-26 13:03:52 | INFO | inference_ncp_mse | Predictor variable list and order: ['phi500', 'phi700', 'phi850', 'phi950', 'ta500', 'ta700', 'ta850', 'ta950', 'ua500', 'ua700', 'ua850', 'ua950', 'va500', 'va700', 'va850', 'va950', 'hus500', 'hus700', 'hus850', 'hus950', 'tas', 'mrsol']
2026-08-26 13:03:52 | INFO | inference_ncp_mse | Resolved predictor path: /nobackup/rossby27/users/sm_yicwa/PROJECTS/01-PROJ_emulator/01-rampal2021-unet/Emulator_HCLIM_CRM_T_withSM_whus/training_data_fuxing/combined_12km_6hr_20000101-20091231_swapped_2003_2009_withT.nc
2026-08-26 13:03:52 | INFO | inference_ncp_mse | Resolved target path: /nobackup/rossby27/users/sm_yicwa/PROJECTS/01-PROJ_emulator/01-rampal2021-unet/Emulator_HCLIM_CRM_T_withSM_whus/training_data_fuxing/Emilia_Romagna/tas_3km_6hr_200001010000-200912311800_swapped_2003_2009.nc
2026-08-26 13:03:52 | INFO | inference_ncp_mse | Resolved model file: /nobackup/rossby27/users/sm_yicwa/PROJECTS/01-PROJ_emulator/01-rampal2021-unet/output/models/20260825-1718_cnn_tas_exp1_heatwave_withT.h5
2026-08-26 13:03:52 | INFO | inference_ncp_mse | Resolved output directory: /nobackup/rossby27/users/sm_yicwa/PROJECTS/01-PROJ_emulator/01-rampal2021-unet/Repo_CNNEmulator_HCLIM_CRM/output/inference/tas
2026-08-26 13:03:52 | INFO | inference_ncp_mse | Resolved prediction file: /nobackup/rossby27/users/sm_yicwa/PROJECTS/01-PROJ_emulator/01-rampal2021-unet/Repo_CNNEmulator_HCLIM_CRM/output/inference/tas/prediction.nc
2026-08-26 13:03:52 | INFO | inference_ncp_mse | Resolved metrics file: /nobackup/rossby27/users/sm_yicwa/PROJECTS/01-PROJ_emulator/01-rampal2021-unet/Repo_CNNEmulator_HCLIM_CRM/output/inference/tas/evaluation_metrics.csv
2026-08-26 13:03:52 | INFO | inference_ncp_mse | Resolved diagnostic log path: /nobackup/rossby27/users/sm_yicwa/PROJECTS/01-PROJ_emulator/01-rampal2021-unet/output/logs/diagnostic/inference/tas_test/inference_20260826-130351.log
2026-08-26 13:04:42 | INFO | inference_ncp_mse | Predictor test timestamps: first=2009-01-01T00:00:00.000000000 last=2009-12-31T18:00:00.000000000
2026-08-26 13:04:42 | INFO | inference_ncp_mse | Target test timestamps: first=2009-01-01T00:00:00.000000000 last=2009-12-31T18:00:00.000000000
2026-08-26 13:04:42 | INFO | inference_ncp_mse | Split sample counts: train=11688 val=1464 test=1460
2026-08-26 13:04:42 | INFO | inference_ncp_mse | Aligned predictor test samples: 1460
2026-08-26 13:04:42 | INFO | inference_ncp_mse | Aligned target test samples: 1460
2026-08-26 13:04:42 | INFO | inference_ncp_mse | Predictor missing values: 0
2026-08-26 13:04:42 | INFO | inference_ncp_mse | Target missing values: 0
2026-08-26 13:05:10 | INFO | inference_ncp_mse | Prepared predictor array shape: (1460, 88, 106, 22)
2026-08-26 13:05:10 | INFO | inference_ncp_mse | Prepared target array shape: (1460, 149248)
2026-08-26 13:05:10 | INFO | inference_ncp_mse | Input channel count: 22
2026-08-26 13:05:10 | INFO | inference_ncp_mse | Flattened target grid points: 149248
2026-08-26 13:05:10 | INFO | inference_ncp_mse | Loading model from /nobackup/rossby27/users/sm_yicwa/PROJECTS/01-PROJ_emulator/01-rampal2021-unet/output/models/20260825-1718_cnn_tas_exp1_heatwave_withT.h5
2026-08-26 13:05:11 | INFO | inference_ncp_mse | Model: "model"
2026-08-26 13:05:11 | INFO | inference_ncp_mse | _________________________________________________________________
2026-08-26 13:05:11 | INFO | inference_ncp_mse |  Layer (type)                Output Shape              Param #   
2026-08-26 13:05:11 | INFO | inference_ncp_mse | =================================================================
2026-08-26 13:05:11 | INFO | inference_ncp_mse |  input_1 (InputLayer)        [(None, 88, 106, 22)]     0         
2026-08-26 13:05:11 | INFO | inference_ncp_mse |                                                                  
2026-08-26 13:05:11 | INFO | inference_ncp_mse |  conv2d (Conv2D)             (None, 84, 102, 16)       8816      
2026-08-26 13:05:11 | INFO | inference_ncp_mse |                                                                  
2026-08-26 13:05:11 | INFO | inference_ncp_mse |  average_pooling2d (AverageP  (None, 42, 51, 16)       0         
2026-08-26 13:05:11 | INFO | inference_ncp_mse |  ooling2D)                                                       
2026-08-26 13:05:11 | INFO | inference_ncp_mse |                                                                  
2026-08-26 13:05:11 | INFO | inference_ncp_mse |  batch_normalization (BatchN  (None, 42, 51, 16)       64        
2026-08-26 13:05:11 | INFO | inference_ncp_mse |  ormalization)                                                   
2026-08-26 13:05:11 | INFO | inference_ncp_mse |                                                                  
2026-08-26 13:05:11 | INFO | inference_ncp_mse |  conv2d_1 (Conv2D)           (None, 38, 47, 32)        12832     
2026-08-26 13:05:11 | INFO | inference_ncp_mse |                                                                  
2026-08-26 13:05:11 | INFO | inference_ncp_mse |  average_pooling2d_1 (Averag  (None, 19, 23, 32)       0         
2026-08-26 13:05:11 | INFO | inference_ncp_mse |  ePooling2D)                                                     
2026-08-26 13:05:11 | INFO | inference_ncp_mse |                                                                  
2026-08-26 13:05:11 | INFO | inference_ncp_mse |  batch_normalization_1 (Batc  (None, 19, 23, 32)       128       
2026-08-26 13:05:11 | INFO | inference_ncp_mse |  hNormalization)                                                 
2026-08-26 13:05:11 | INFO | inference_ncp_mse |                                                                  
2026-08-26 13:05:11 | INFO | inference_ncp_mse |  conv2d_2 (Conv2D)           (None, 15, 19, 64)        51264     
2026-08-26 13:05:11 | INFO | inference_ncp_mse |                                                                  
2026-08-26 13:05:11 | INFO | inference_ncp_mse |  average_pooling2d_2 (Averag  (None, 7, 9, 64)         0         
2026-08-26 13:05:11 | INFO | inference_ncp_mse |  ePooling2D)                                                     
2026-08-26 13:05:11 | INFO | inference_ncp_mse |                                                                  
2026-08-26 13:05:11 | INFO | inference_ncp_mse |  batch_normalization_2 (Batc  (None, 7, 9, 64)         256       
2026-08-26 13:05:11 | INFO | inference_ncp_mse |  hNormalization)                                                 
2026-08-26 13:05:11 | INFO | inference_ncp_mse |                                                                  
2026-08-26 13:05:11 | INFO | inference_ncp_mse |  flatten (Flatten)           (None, 4032)              0         
2026-08-26 13:05:11 | INFO | inference_ncp_mse |                                                                  
2026-08-26 13:05:11 | INFO | inference_ncp_mse |  dropout (Dropout)           (None, 4032)              0         
2026-08-26 13:05:11 | INFO | inference_ncp_mse |                                                                  
2026-08-26 13:05:11 | INFO | inference_ncp_mse |  dense (Dense)               (None, 256)               1032448   
2026-08-26 13:05:11 | INFO | inference_ncp_mse |                                                                  
2026-08-26 13:05:11 | INFO | inference_ncp_mse |  dense_1 (Dense)             (None, 149248)            38356736  
2026-08-26 13:05:11 | INFO | inference_ncp_mse |                                                                  
2026-08-26 13:05:11 | INFO | inference_ncp_mse | =================================================================
2026-08-26 13:05:11 | INFO | inference_ncp_mse | Total params: 39,462,544
2026-08-26 13:05:11 | INFO | inference_ncp_mse | Trainable params: 39,462,320
2026-08-26 13:05:11 | INFO | inference_ncp_mse | Non-trainable params: 224
2026-08-26 13:05:11 | INFO | inference_ncp_mse | _________________________________________________________________
2026-08-26 13:05:15 | INFO | inference_ncp_mse | Prediction saved to /nobackup/rossby27/users/sm_yicwa/PROJECTS/01-PROJ_emulator/01-rampal2021-unet/Repo_CNNEmulator_HCLIM_CRM/output/inference/tas/prediction.nc
2026-08-26 13:05:21 | INFO | inference_ncp_mse | Metrics saved to /nobackup/rossby27/users/sm_yicwa/PROJECTS/01-PROJ_emulator/01-rampal2021-unet/Repo_CNNEmulator_HCLIM_CRM/output/inference/tas/evaluation_metrics.csv
2026-08-26 13:05:21 | INFO | inference_ncp_mse | Inference completed successfully.
